03:22:07 **** Incremental Build of configuration Debug for project CG2028AsmtS2AY201819 ****
make all 
Building file: ../src/fir.s
Invoking: MCU Assembler
arm-none-eabi-gcc -c -x assembler-with-cpp -DDEBUG -D__CODE_RED -D__REDLIB__ -g3 -mcpu=cortex-m3 -mthumb -o"src/fir.o" "../src/fir.s"
Finished building: ../src/fir.s
 
Building target: CG2028AsmtS2AY201819.axf
Invoking: MCU Linker
arm-none-eabi-gcc -nostdlib -L"/Users/nicholas/Desktop/CG2028/CG2028Assignment/CG2028Assignment/Lib_CMSISv1p30_LPC17xx/Debug" -Xlinker --gc-sections -Xlinker -Map=CG2028AsmtS2AY201819.map -mcpu=cortex-m3 -mthumb -T "CG2028AsmtS2AY201819_Debug.ld" -o"CG2028AsmtS2AY201819.axf"  ./src/cr_startup_lpc17.o ./src/fir.o ./src/main.o   -lCMSISv1p30_LPC17xx
Finished building target: CG2028AsmtS2AY201819.axf
 
make --no-print-directory post-build
Performing post-build steps
arm-none-eabi-size CG2028AsmtS2AY201819.axf; # arm-none-eabi-objcopy -O ihex CG2028AsmtS2AY201819.axf CG2028AsmtS2AY201819.hex ;
   text	   data	    bss	    dec	    hex	filename
  12296	      0	    416	  12712	   31a8	CG2028AsmtS2AY201819.axf
 

03:22:07 Build Finished (took 217ms)

